TASK 1: Processing real folder...
TASK 2: Processing Bonn-Theia2 folder...
TASK 3: Processing points folder...
/home/zla247/projects/BRDF-Fipt/cleanup2.sh: line 53: 2078516 Killed                  rm -rf "$dir" 2> /dev/null
/home/zla247/projects/BRDF-Fipt/cleanup2.sh: line 53: 2078522 Killed                  rm -rf "$dir" 2> /dev/null
/home/zla247/projects/BRDF-Fipt/cleanup2.sh: line 53: 2078528 Killed                  rm -rf "$dir" 2> /dev/null
/home/zla247/projects/BRDF-Fipt/cleanup2.sh: line 53: 2078534 Killed                  rm -rf "$dir" 2> /dev/null
/home/zla247/projects/BRDF-Fipt/cleanup2.sh: line 53: 2078552 Killed                  rm -rf "$dir" 2> /dev/null
/home/zla247/projects/BRDF-Fipt/cleanup2.sh: line 53: 2078564 Killed                  rm -rf "$dir" 2> /dev/null
/home/zla247/projects/BRDF-Fipt/cleanup2.sh: line 53: 2078570 Killed                  rm -rf "$dir" 2> /dev/null
/home/zla247/projects/BRDF-Fipt/cleanup2.sh: line 53: 2078576 Killed                  rm -rf "$dir" 2> /dev/null
/home/zla247/projects/BRDF-Fipt/cleanup2.sh: line 53: 2078582 Killed                  rm -rf "$dir" 2> /dev/null
/home/zla247/projects/BRDF-Fipt/cleanup2.sh: line 53: 2078588 Killed                  rm -rf "$dir" 2> /dev/null
/home/zla247/projects/BRDF-Fipt/cleanup2.sh: line 53: 2078600 Killed                  rm -rf "$dir" 2> /dev/null
/home/zla247/projects/BRDF-Fipt/cleanup2.sh: line 53: 2078612 Killed                  rm -rf "$dir" 2> /dev/null
/home/zla247/projects/BRDF-Fipt/cleanup2.sh: line 53: 2078630 Killed                  rm -rf "$dir" 2> /dev/null
/home/zla247/projects/BRDF-Fipt/cleanup2.sh: line 53: 2078642 Killed                  rm -rf "$dir" 2> /dev/null
/home/zla247/projects/BRDF-Fipt/cleanup2.sh: line 53: 2078654 Killed                  rm -rf "$dir" 2> /dev/null
/home/zla247/projects/BRDF-Fipt/cleanup2.sh: line 53: 2078660 Killed                  rm -rf "$dir" 2> /dev/null
/home/zla247/projects/BRDF-Fipt/cleanup2.sh: line 53: 2078669 Killed                  rm -rf "$dir" 2> /dev/null
/home/zla247/projects/BRDF-Fipt/cleanup2.sh: line 53: 2078678 Killed                  rm -rf "$dir" 2> /dev/null
/home/zla247/projects/BRDF-Fipt/cleanup2.sh: line 53: 2078684 Killed                  rm -rf "$dir" 2> /dev/null
/home/zla247/projects/BRDF-Fipt/cleanup2.sh: line 53: 2078690 Killed                  rm -rf "$dir" 2> /dev/null
/home/zla247/projects/BRDF-Fipt/cleanup2.sh: line 53: 2078696 Killed                  rm -rf "$dir" 2> /dev/null
/home/zla247/projects/BRDF-Fipt/cleanup2.sh: line 53: 2078702 Killed                  rm -rf "$dir" 2> /dev/null
/home/zla247/projects/BRDF-Fipt/cleanup2.sh: line 53: 2078708 Killed                  rm -rf "$dir" 2> /dev/null
/home/zla247/projects/BRDF-Fipt/cleanup2.sh: line 53: 2078720 Killed                  rm -rf "$dir" 2> /dev/null
/home/zla247/projects/BRDF-Fipt/cleanup2.sh: line 53: 2078733 Killed                  rm -rf "$dir" 2> /dev/null
/home/zla247/projects/BRDF-Fipt/cleanup2.sh: line 53: 2078739 Killed                  rm -rf "$dir" 2> /dev/null
/home/zla247/projects/BRDF-Fipt/cleanup2.sh: line 53: 2078747 Killed                  rm -rf "$dir" 2> /dev/null
/home/zla247/projects/BRDF-Fipt/cleanup2.sh: line 53: 2078753 Killed                  rm -rf "$dir" 2> /dev/null
/home/zla247/projects/BRDF-Fipt/cleanup2.sh: line 53: 2078771 Killed                  rm -rf "$dir" 2> /dev/null
/home/zla247/projects/BRDF-Fipt/cleanup2.sh: line 53: 2078777 Killed                  rm -rf "$dir" 2> /dev/null
/home/zla247/projects/BRDF-Fipt/cleanup2.sh: line 53: 2078783 Killed                  rm -rf "$dir" 2> /dev/null
/home/zla247/projects/BRDF-Fipt/cleanup2.sh: line 53: 2078789 Killed                  rm -rf "$dir" 2> /dev/null
/home/zla247/projects/BRDF-Fipt/cleanup2.sh: line 53: 2078795 Killed                  rm -rf "$dir" 2> /dev/null
/home/zla247/projects/BRDF-Fipt/cleanup2.sh: line 53: 2078801 Killed                  rm -rf "$dir" 2> /dev/null
/home/zla247/projects/BRDF-Fipt/cleanup2.sh: line 53: 2078807 Killed                  rm -rf "$dir" 2> /dev/null
/home/zla247/projects/BRDF-Fipt/cleanup2.sh: line 53: 2078813 Killed                  rm -rf "$dir" 2> /dev/null
/home/zla247/projects/BRDF-Fipt/cleanup2.sh: line 53: 2078819 Killed                  rm -rf "$dir" 2> /dev/null
/home/zla247/projects/BRDF-Fipt/cleanup2.sh: line 53: 2078825 Killed                  rm -rf "$dir" 2> /dev/null
/home/zla247/projects/BRDF-Fipt/cleanup2.sh: line 53: 2078831 Killed                  rm -rf "$dir" 2> /dev/null
/home/zla247/projects/BRDF-Fipt/cleanup2.sh: line 53: 2078837 Killed                  rm -rf "$dir" 2> /dev/null
/home/zla247/projects/BRDF-Fipt/cleanup2.sh: line 53: 2078855 Killed                  rm -rf "$dir" 2> /dev/null
/home/zla247/projects/BRDF-Fipt/cleanup2.sh: line 53: 2078861 Killed                  rm -rf "$dir" 2> /dev/null
/home/zla247/projects/BRDF-Fipt/cleanup2.sh: line 53: 2078867 Killed                  rm -rf "$dir" 2> /dev/null
/home/zla247/projects/BRDF-Fipt/cleanup2.sh: line 53: 2078873 Killed                  rm -rf "$dir" 2> /dev/null
/home/zla247/projects/BRDF-Fipt/cleanup2.sh: line 53: 2078892 Killed                  rm -rf "$dir" 2> /dev/null
/home/zla247/projects/BRDF-Fipt/cleanup2.sh: line 53: 2078896 Killed                  rm -rf "$dir" 2> /dev/null
/home/zla247/projects/BRDF-Fipt/cleanup2.sh: line 53: 2078900 Killed                  rm -rf "$dir" 2> /dev/null
/home/zla247/projects/BRDF-Fipt/cleanup2.sh: line 53: 2078904 Killed                  rm -rf "$dir" 2> /dev/null
/home/zla247/projects/BRDF-Fipt/cleanup2.sh: line 53: 2078910 Killed                  rm -rf "$dir" 2> /dev/null
/home/zla247/projects/BRDF-Fipt/cleanup2.sh: line 53: 2078914 Killed                  rm -rf "$dir" 2> /dev/null
/home/zla247/projects/BRDF-Fipt/cleanup2.sh: line 53: 2078924 Killed                  rm -rf "$dir" 2> /dev/null
/home/zla247/projects/BRDF-Fipt/cleanup2.sh: line 53: 2078930 Killed                  rm -rf "$dir" 2> /dev/null
/home/zla247/projects/BRDF-Fipt/cleanup2.sh: line 53: 2078937 Killed                  rm -rf "$dir" 2> /dev/null
/home/zla247/projects/BRDF-Fipt/cleanup2.sh: line 53: 2078947 Killed                  rm -rf "$dir" 2> /dev/null
/home/zla247/projects/BRDF-Fipt/cleanup2.sh: line 53: 2078953 Killed                  rm -rf "$dir" 2> /dev/null
/home/zla247/projects/BRDF-Fipt/cleanup2.sh: line 53: 2078957 Killed                  rm -rf "$dir" 2> /dev/null
/home/zla247/projects/BRDF-Fipt/cleanup2.sh: line 53: 2078967 Killed                  rm -rf "$dir" 2> /dev/null
/home/zla247/projects/BRDF-Fipt/cleanup2.sh: line 53: 2078971 Killed                  rm -rf "$dir" 2> /dev/null
/home/zla247/projects/BRDF-Fipt/cleanup2.sh: line 53: 2078975 Killed                  rm -rf "$dir" 2> /dev/null
/home/zla247/projects/BRDF-Fipt/cleanup2.sh: line 53: 2078982 Killed                  rm -rf "$dir" 2> /dev/null
/home/zla247/projects/BRDF-Fipt/cleanup2.sh: line 53: 2078992 Killed                  rm -rf "$dir" 2> /dev/null
/home/zla247/projects/BRDF-Fipt/cleanup2.sh: line 53: 2078998 Killed                  rm -rf "$dir" 2> /dev/null
/home/zla247/projects/BRDF-Fipt/cleanup2.sh: line 53: 2079004 Killed                  rm -rf "$dir" 2> /dev/null
/home/zla247/projects/BRDF-Fipt/cleanup2.sh: line 53: 2079010 Killed                  rm -rf "$dir" 2> /dev/null
/home/zla247/projects/BRDF-Fipt/cleanup2.sh: line 53: 2079026 Killed                  rm -rf "$dir" 2> /dev/null
/home/zla247/projects/BRDF-Fipt/cleanup2.sh: line 53: 2079034 Killed                  rm -rf "$dir" 2> /dev/null
/home/zla247/projects/BRDF-Fipt/cleanup2.sh: line 53: 2079040 Killed                  rm -rf "$dir" 2> /dev/null
/home/zla247/projects/BRDF-Fipt/cleanup2.sh: line 53: 2079047 Killed                  rm -rf "$dir" 2> /dev/null
/home/zla247/projects/BRDF-Fipt/cleanup2.sh: line 53: 2079074 Killed                  rm -rf "$dir" 2> /dev/null
/home/zla247/projects/BRDF-Fipt/cleanup2.sh: line 53: 2079078 Killed                  rm -rf "$dir" 2> /dev/null
/home/zla247/projects/BRDF-Fipt/cleanup2.sh: line 53: 2079082 Killed                  rm -rf "$dir" 2> /dev/null
/home/zla247/projects/BRDF-Fipt/cleanup2.sh: line 53: 2079098 Killed                  rm -rf "$dir" 2> /dev/null
/home/zla247/projects/BRDF-Fipt/cleanup2.sh: line 53: 2079113 Killed                  rm -rf "$dir" 2> /dev/null
/home/zla247/projects/BRDF-Fipt/cleanup2.sh: line 53: 2079119 Killed                  rm -rf "$dir" 2> /dev/null
/home/zla247/projects/BRDF-Fipt/cleanup2.sh: line 53: 2079123 Killed                  rm -rf "$dir" 2> /dev/null
/home/zla247/projects/BRDF-Fipt/cleanup2.sh: line 53: 2079127 Killed                  rm -rf "$dir" 2> /dev/null
/home/zla247/projects/BRDF-Fipt/cleanup2.sh: line 53: 2079131 Killed                  rm -rf "$dir" 2> /dev/null
/home/zla247/projects/BRDF-Fipt/cleanup2.sh: line 53: 2079160 Killed                  rm -rf "$dir" 2> /dev/null
/home/zla247/projects/BRDF-Fipt/cleanup2.sh: line 53: 2079173 Killed                  rm -rf "$dir" 2> /dev/null
/home/zla247/projects/BRDF-Fipt/cleanup2.sh: line 53: 2079179 Killed                  rm -rf "$dir" 2> /dev/null
/home/zla247/projects/BRDF-Fipt/cleanup2.sh: line 53: 2079190 Killed                  rm -rf "$dir" 2> /dev/null
/home/zla247/projects/BRDF-Fipt/cleanup2.sh: line 53: 2079207 Killed                  rm -rf "$dir" 2> /dev/null
/home/zla247/projects/BRDF-Fipt/cleanup2.sh: line 53: 2079218 Killed                  rm -rf "$dir" 2> /dev/null
/home/zla247/projects/BRDF-Fipt/cleanup2.sh: line 53: 2079228 Killed                  rm -rf "$dir" 2> /dev/null
/home/zla247/projects/BRDF-Fipt/cleanup2.sh: line 53: 2079239 Killed                  rm -rf "$dir" 2> /dev/null
/home/zla247/projects/BRDF-Fipt/cleanup2.sh: line 53: 2079245 Killed                  rm -rf "$dir" 2> /dev/null
/home/zla247/projects/BRDF-Fipt/cleanup2.sh: line 53: 2079256 Killed                  rm -rf "$dir" 2> /dev/null
/home/zla247/projects/BRDF-Fipt/cleanup2.sh: line 53: 2079266 Killed                  rm -rf "$dir" 2> /dev/null
/home/zla247/projects/BRDF-Fipt/cleanup2.sh: line 53: 2079280 Killed                  rm -rf "$dir" 2> /dev/null
/home/zla247/projects/BRDF-Fipt/cleanup2.sh: line 53: 2079307 Killed                  rm -rf "$dir" 2> /dev/null
/home/zla247/projects/BRDF-Fipt/cleanup2.sh: line 53: 2079317 Killed                  rm -rf "$dir" 2> /dev/null
/home/zla247/projects/BRDF-Fipt/cleanup2.sh: line 53: 2079324 Killed                  rm -rf "$dir" 2> /dev/null
/home/zla247/projects/BRDF-Fipt/cleanup2.sh: line 53: 2079335 Killed                  rm -rf "$dir" 2> /dev/null
/home/zla247/projects/BRDF-Fipt/cleanup2.sh: line 53: 2079345 Killed                  rm -rf "$dir" 2> /dev/null
/home/zla247/projects/BRDF-Fipt/cleanup2.sh: line 53: 2079356 Killed                  rm -rf "$dir" 2> /dev/null
/home/zla247/projects/BRDF-Fipt/cleanup2.sh: line 53: 2079366 Killed                  rm -rf "$dir" 2> /dev/null
/home/zla247/projects/BRDF-Fipt/cleanup2.sh: line 53: 2079391 Killed                  rm -rf "$dir" 2> /dev/null
/home/zla247/projects/BRDF-Fipt/cleanup2.sh: line 53: 2079397 Killed                  rm -rf "$dir" 2> /dev/null
/home/zla247/projects/BRDF-Fipt/cleanup2.sh: line 53: 2079406 Killed                  rm -rf "$dir" 2> /dev/null
/home/zla247/projects/BRDF-Fipt/cleanup2.sh: line 53: 2079424 Killed                  rm -rf "$dir" 2> /dev/null
/home/zla247/projects/BRDF-Fipt/cleanup2.sh: line 53: 2079428 Killed                  rm -rf "$dir" 2> /dev/null
/home/zla247/projects/BRDF-Fipt/cleanup2.sh: line 53: 2079432 Killed                  rm -rf "$dir" 2> /dev/null
/home/zla247/projects/BRDF-Fipt/cleanup2.sh: line 53: 2079436 Killed                  rm -rf "$dir" 2> /dev/null
/home/zla247/projects/BRDF-Fipt/cleanup2.sh: line 53: 2079448 Killed                  rm -rf "$dir" 2> /dev/null
/home/zla247/projects/BRDF-Fipt/cleanup2.sh: line 53: 2079452 Killed                  rm -rf "$dir" 2> /dev/null
/home/zla247/projects/BRDF-Fipt/cleanup2.sh: line 53: 2079460 Killed                  rm -rf "$dir" 2> /dev/null
/home/zla247/projects/BRDF-Fipt/cleanup2.sh: line 53: 2079466 Killed                  rm -rf "$dir" 2> /dev/null
/home/zla247/projects/BRDF-Fipt/cleanup2.sh: line 53: 2079485 Killed                  rm -rf "$dir" 2> /dev/null
/home/zla247/projects/BRDF-Fipt/cleanup2.sh: line 53: 2079493 Killed                  rm -rf "$dir" 2> /dev/null
/home/zla247/projects/BRDF-Fipt/cleanup2.sh: line 53: 2079526 Killed                  rm -rf "$dir" 2> /dev/null
/home/zla247/projects/BRDF-Fipt/cleanup2.sh: line 53: 2079544 Killed                  rm -rf "$dir" 2> /dev/null
/home/zla247/projects/BRDF-Fipt/cleanup2.sh: line 53: 2079550 Killed                  rm -rf "$dir" 2> /dev/null
/home/zla247/projects/BRDF-Fipt/cleanup2.sh: line 53: 2079554 Killed                  rm -rf "$dir" 2> /dev/null
/home/zla247/projects/BRDF-Fipt/cleanup2.sh: line 53: 2079580 Killed                  rm -rf "$dir" 2> /dev/null
/home/zla247/projects/BRDF-Fipt/cleanup2.sh: line 53: 2079597 Killed                  rm -rf "$dir" 2> /dev/null
/home/zla247/projects/BRDF-Fipt/cleanup2.sh: line 53: 2079603 Killed                  rm -rf "$dir" 2> /dev/null
/home/zla247/projects/BRDF-Fipt/cleanup2.sh: line 53: 2079609 Killed                  rm -rf "$dir" 2> /dev/null
/home/zla247/projects/BRDF-Fipt/cleanup2.sh: line 53: 2079615 Killed                  rm -rf "$dir" 2> /dev/null
/home/zla247/projects/BRDF-Fipt/cleanup2.sh: line 53: 2079634 Killed                  rm -rf "$dir" 2> /dev/null
/home/zla247/projects/BRDF-Fipt/cleanup2.sh: line 53: 2079638 Killed                  rm -rf "$dir" 2> /dev/null
/home/zla247/projects/BRDF-Fipt/cleanup2.sh: line 53: 2079650 Killed                  rm -rf "$dir" 2> /dev/null
/home/zla247/projects/BRDF-Fipt/cleanup2.sh: line 53: 2079654 Killed                  rm -rf "$dir" 2> /dev/null
/home/zla247/projects/BRDF-Fipt/cleanup2.sh: line 53: 2079658 Killed                  rm -rf "$dir" 2> /dev/null
/home/zla247/projects/BRDF-Fipt/cleanup2.sh: line 53: 2079668 Killed                  rm -rf "$dir" 2> /dev/null
/home/zla247/projects/BRDF-Fipt/cleanup2.sh: line 53: 2079672 Killed                  rm -rf "$dir" 2> /dev/null
/home/zla247/projects/BRDF-Fipt/cleanup2.sh: line 53: 2079678 Killed                  rm -rf "$dir" 2> /dev/null
/home/zla247/projects/BRDF-Fipt/cleanup2.sh: line 53: 2079690 Killed                  rm -rf "$dir" 2> /dev/null
/home/zla247/projects/BRDF-Fipt/cleanup2.sh: line 53: 2079708 Killed                  rm -rf "$dir" 2> /dev/null
/home/zla247/projects/BRDF-Fipt/cleanup2.sh: line 53: 2079716 Killed                  rm -rf "$dir" 2> /dev/null
/home/zla247/projects/BRDF-Fipt/cleanup2.sh: line 53: 2079742 Killed                  rm -rf "$dir" 2> /dev/null
/home/zla247/projects/BRDF-Fipt/cleanup2.sh: line 53: 2079754 Killed                  rm -rf "$dir" 2> /dev/null
/home/zla247/projects/BRDF-Fipt/cleanup2.sh: line 53: 2079778 Killed                  rm -rf "$dir" 2> /dev/null
/home/zla247/projects/BRDF-Fipt/cleanup2.sh: line 53: 2079782 Killed                  rm -rf "$dir" 2> /dev/null
/home/zla247/projects/BRDF-Fipt/cleanup2.sh: line 53: 2079788 Killed                  rm -rf "$dir" 2> /dev/null
/home/zla247/projects/BRDF-Fipt/cleanup2.sh: line 53: 2079794 Killed                  rm -rf "$dir" 2> /dev/null
/home/zla247/projects/BRDF-Fipt/cleanup2.sh: line 53: 2079800 Killed                  rm -rf "$dir" 2> /dev/null
/home/zla247/projects/BRDF-Fipt/cleanup2.sh: line 53: 2079806 Killed                  rm -rf "$dir" 2> /dev/null
/home/zla247/projects/BRDF-Fipt/cleanup2.sh: line 53: 2079812 Killed                  rm -rf "$dir" 2> /dev/null
/home/zla247/projects/BRDF-Fipt/cleanup2.sh: line 53: 2079818 Killed                  rm -rf "$dir" 2> /dev/null
/home/zla247/projects/BRDF-Fipt/cleanup2.sh: line 53: 2079824 Killed                  rm -rf "$dir" 2> /dev/null
/home/zla247/projects/BRDF-Fipt/cleanup2.sh: line 53: 2079828 Killed                  rm -rf "$dir" 2> /dev/null
/home/zla247/projects/BRDF-Fipt/cleanup2.sh: line 53: 2079834 Killed                  rm -rf "$dir" 2> /dev/null
/home/zla247/projects/BRDF-Fipt/cleanup2.sh: line 53: 2079838 Killed                  rm -rf "$dir" 2> /dev/null
/home/zla247/projects/BRDF-Fipt/cleanup2.sh: line 53: 2079842 Killed                  rm -rf "$dir" 2> /dev/null
/home/zla247/projects/BRDF-Fipt/cleanup2.sh: line 53: 2079852 Killed                  rm -rf "$dir" 2> /dev/null
/home/zla247/projects/BRDF-Fipt/cleanup2.sh: line 53: 2079888 Killed                  rm -rf "$dir" 2> /dev/null
/home/zla247/projects/BRDF-Fipt/cleanup2.sh: line 53: 2079908 Killed                  rm -rf "$dir" 2> /dev/null
/home/zla247/projects/BRDF-Fipt/cleanup2.sh: line 53: 2079914 Killed                  rm -rf "$dir" 2> /dev/null
/home/zla247/projects/BRDF-Fipt/cleanup2.sh: line 53: 2079956 Killed                  rm -rf "$dir" 2> /dev/null
/home/zla247/projects/BRDF-Fipt/cleanup2.sh: line 53: 2079966 Killed                  rm -rf "$dir" 2> /dev/null
/home/zla247/projects/BRDF-Fipt/cleanup2.sh: line 53: 2079972 Killed                  rm -rf "$dir" 2> /dev/null
/home/zla247/projects/BRDF-Fipt/cleanup2.sh: line 53: 2079978 Killed                  rm -rf "$dir" 2> /dev/null
/home/zla247/projects/BRDF-Fipt/cleanup2.sh: line 53: 2079984 Killed                  rm -rf "$dir" 2> /dev/null
/home/zla247/projects/BRDF-Fipt/cleanup2.sh: line 53: 2079990 Killed                  rm -rf "$dir" 2> /dev/null
/home/zla247/projects/BRDF-Fipt/cleanup2.sh: line 53: 2080002 Killed                  rm -rf "$dir" 2> /dev/null
/home/zla247/projects/BRDF-Fipt/cleanup2.sh: line 53: 2080008 Killed                  rm -rf "$dir" 2> /dev/null
/home/zla247/projects/BRDF-Fipt/cleanup2.sh: line 53: 2080014 Killed                  rm -rf "$dir" 2> /dev/null
/home/zla247/projects/BRDF-Fipt/cleanup2.sh: line 53: 2080032 Killed                  rm -rf "$dir" 2> /dev/null
/home/zla247/projects/BRDF-Fipt/cleanup2.sh: line 53: 2080054 Killed                  rm -rf "$dir" 2> /dev/null
/home/zla247/projects/BRDF-Fipt/cleanup2.sh: line 53: 2080060 Killed                  rm -rf "$dir" 2> /dev/null
/home/zla247/projects/BRDF-Fipt/cleanup2.sh: line 53: 2080082 Killed                  rm -rf "$dir" 2> /dev/null
/home/zla247/projects/BRDF-Fipt/cleanup2.sh: line 53: 2080107 Killed                  rm -rf "$dir" 2> /dev/null
/home/zla247/projects/BRDF-Fipt/cleanup2.sh: line 53: 2080133 Killed                  rm -rf "$dir" 2> /dev/null
/home/zla247/projects/BRDF-Fipt/cleanup2.sh: line 53: 2080144 Killed                  rm -rf "$dir" 2> /dev/null
/home/zla247/projects/BRDF-Fipt/cleanup2.sh: line 53: 2080150 Killed                  rm -rf "$dir" 2> /dev/null
/home/zla247/projects/BRDF-Fipt/cleanup2.sh: line 53: 2080159 Killed                  rm -rf "$dir" 2> /dev/null
/home/zla247/projects/BRDF-Fipt/cleanup2.sh: line 53: 2080188 Killed                  rm -rf "$dir" 2> /dev/null
/home/zla247/projects/BRDF-Fipt/cleanup2.sh: line 53: 2080198 Killed                  rm -rf "$dir" 2> /dev/null
/home/zla247/projects/BRDF-Fipt/cleanup2.sh: line 53: 2080204 Killed                  rm -rf "$dir" 2> /dev/null
/home/zla247/projects/BRDF-Fipt/cleanup2.sh: line 53: 2080221 Killed                  rm -rf "$dir" 2> /dev/null
/home/zla247/projects/BRDF-Fipt/cleanup2.sh: line 53: 2080233 Killed                  rm -rf "$dir" 2> /dev/null
/home/zla247/projects/BRDF-Fipt/cleanup2.sh: line 53: 2080257 Killed                  rm -rf "$dir" 2> /dev/null
/home/zla247/projects/BRDF-Fipt/cleanup2.sh: line 53: 2080278 Killed                  rm -rf "$dir" 2> /dev/null
/home/zla247/projects/BRDF-Fipt/cleanup2.sh: line 53: 2080294 Killed                  rm -rf "$dir" 2> /dev/null
/home/zla247/projects/BRDF-Fipt/cleanup2.sh: line 53: 2080300 Killed                  rm -rf "$dir" 2> /dev/null
/home/zla247/projects/BRDF-Fipt/cleanup2.sh: line 53: 2080306 Killed                  rm -rf "$dir" 2> /dev/null
/home/zla247/projects/BRDF-Fipt/cleanup2.sh: line 53: 2080324 Killed                  rm -rf "$dir" 2> /dev/null
/home/zla247/projects/BRDF-Fipt/cleanup2.sh: line 53: 2080330 Killed                  rm -rf "$dir" 2> /dev/null
/home/zla247/projects/BRDF-Fipt/cleanup2.sh: line 53: 2080336 Killed                  rm -rf "$dir" 2> /dev/null
/home/zla247/projects/BRDF-Fipt/cleanup2.sh: line 53: 2080342 Killed                  rm -rf "$dir" 2> /dev/null
/home/zla247/projects/BRDF-Fipt/cleanup2.sh: line 53: 2080366 Killed                  rm -rf "$dir" 2> /dev/null
/home/zla247/projects/BRDF-Fipt/cleanup2.sh: line 53: 2080387 Killed                  rm -rf "$dir" 2> /dev/null
/home/zla247/projects/BRDF-Fipt/cleanup2.sh: line 53: 2080391 Killed                  rm -rf "$dir" 2> /dev/null
/home/zla247/projects/BRDF-Fipt/cleanup2.sh: line 53: 2080475 Killed                  rm -rf "$dir" 2> /dev/null
/home/zla247/projects/BRDF-Fipt/cleanup2.sh: line 53: 2080486 Killed                  rm -rf "$dir" 2> /dev/null
/home/zla247/projects/BRDF-Fipt/cleanup2.sh: line 53: 2080492 Killed                  rm -rf "$dir" 2> /dev/null
/home/zla247/projects/BRDF-Fipt/cleanup2.sh: line 53: 2080496 Killed                  rm -rf "$dir" 2> /dev/null
/home/zla247/projects/BRDF-Fipt/cleanup2.sh: line 53: 2080500 Killed                  rm -rf "$dir" 2> /dev/null
/home/zla247/projects/BRDF-Fipt/cleanup2.sh: line 53: 2080504 Killed                  rm -rf "$dir" 2> /dev/null
/home/zla247/projects/BRDF-Fipt/cleanup2.sh: line 53: 2080508 Killed                  rm -rf "$dir" 2> /dev/null
/home/zla247/projects/BRDF-Fipt/cleanup2.sh: line 53: 2080552 Killed                  rm -rf "$dir" 2> /dev/null
/home/zla247/projects/BRDF-Fipt/cleanup2.sh: line 53: 2080558 Killed                  rm -rf "$dir" 2> /dev/null
/home/zla247/projects/BRDF-Fipt/cleanup2.sh: line 53: 2080564 Killed                  rm -rf "$dir" 2> /dev/null
/home/zla247/projects/BRDF-Fipt/cleanup2.sh: line 53: 2080570 Killed                  rm -rf "$dir" 2> /dev/null
/home/zla247/projects/BRDF-Fipt/cleanup2.sh: line 53: 2080576 Killed                  rm -rf "$dir" 2> /dev/null
/home/zla247/projects/BRDF-Fipt/cleanup2.sh: line 53: 2080582 Killed                  rm -rf "$dir" 2> /dev/null
/home/zla247/projects/BRDF-Fipt/cleanup2.sh: line 53: 2080588 Killed                  rm -rf "$dir" 2> /dev/null
/home/zla247/projects/BRDF-Fipt/cleanup2.sh: line 53: 2080594 Killed                  rm -rf "$dir" 2> /dev/null
/home/zla247/projects/BRDF-Fipt/cleanup2.sh: line 53: 2080604 Killed                  rm -rf "$dir" 2> /dev/null
/home/zla247/projects/BRDF-Fipt/cleanup2.sh: line 53: 2080847 Killed                  rm -rf "$dir" 2> /dev/null
/home/zla247/projects/BRDF-Fipt/cleanup2.sh: line 53: 2080915 Killed                  rm -rf "$dir" 2> /dev/null
/home/zla247/projects/BRDF-Fipt/cleanup2.sh: line 53: 2080931 Killed                  rm -rf "$dir" 2> /dev/null
/home/zla247/projects/BRDF-Fipt/cleanup2.sh: line 53: 2080939 Killed                  rm -rf "$dir" 2> /dev/null
/home/zla247/projects/BRDF-Fipt/cleanup2.sh: line 53: 2080959 Killed                  rm -rf "$dir" 2> /dev/null
/home/zla247/projects/BRDF-Fipt/cleanup2.sh: line 53: 2080973 Killed                  rm -rf "$dir" 2> /dev/null
/home/zla247/projects/BRDF-Fipt/cleanup2.sh: line 53: 2081098 Killed                  rm -rf "$dir" 2> /dev/null

All deletion jobs launched in background. Waiting...
/home/zla247/projects/BRDF-Fipt/cleanup2.sh: line 64: 2167695 Killed                  rm -rf "$dir" 2> /dev/null
All deletions completed at Tue Mar 31 03:14:04 AM UTC 2026

=== SUMMARY ===
Remaining folders in real: 260
Remaining folders in Bonn-Theia2: 27
Remaining folders in points: 43
=== DONE ===
