Found 38 BTF files in /media/raid/cloth/BTF
Sampling 20 angles per material, 200,000 scalars per material.

[1/38] carpet01  category=carpet
  [per-mat] n= 9,600,000  min=0.002752  max=0.5141  mean=0.06805  median=0.05302  std=0.04726  geomean(>0)=0.05361
    quantiles: p    1=0.01029  p    5=0.01651  p   10=0.02152  p   25=0.03232  p   50=0.05302  p   75=0.09303  p   90=0.142  p   95=0.1628  p   99=0.2018  p 99.9=0.2718
    above-thr: >0.001=100.00%  >0.01=99.12%  >0.05=52.95%  >0.1=22.62%  >0.2= 1.07%  >0.5= 0.00%  >1= 0.00%
[2/38] carpet02  category=carpet
  [per-mat] n= 9,600,000  min=0.001505  max=0.4228  mean=0.06169  median=0.04317  std=0.05064  geomean(>0)=0.0444
    quantiles: p    1=0.005222  p    5=0.01086  p   10=0.01531  p   25=0.02537  p   50=0.04317  p   75=0.08579  p   90=0.1382  p   95=0.1678  p   99=0.2225  p 99.9=0.2781
    above-thr: >0.001=100.00%  >0.01=95.78%  >0.05=43.21%  >0.1=20.26%  >0.2= 2.06%  >0.5= 0.00%  >1= 0.00%
[3/38] carpet03  category=carpet
  [per-mat] n= 9,600,000  min=0.0009289  max=0.6227  mean=0.06642  median=0.03436  std=0.06882  geomean(>0)=0.03827
    quantiles: p    1=0.003498  p    5=0.005893  p   10=0.00896  p   25=0.01858  p   50=0.03436  p   75=0.1006  p   90=0.1813  p   95=0.2088  p   99=0.262  p 99.9=0.3335
    above-thr: >0.001=100.00%  >0.01=88.39%  >0.05=36.62%  >0.1=25.09%  >0.2= 6.34%  >0.5= 0.00%  >1= 0.00%
[4/38] carpet04  category=carpet
  [per-mat] n= 9,600,000  min=0.005247  max=0.6156  mean=0.13  median=0.123  std=0.06603  geomean(>0)=0.112
    quantiles: p    1=0.02164  p    5=0.0368  p   10=0.04946  p   25=0.07941  p   50=0.123  p   75=0.1712  p   90=0.219  p   95=0.2499  p   99=0.3122  p 99.9=0.3878
    above-thr: >0.001=100.00%  >0.01=99.98%  >0.05=89.76%  >0.1=63.37%  >0.2=14.73%  >0.5= 0.00%  >1= 0.00%
[5/38] carpet05  category=carpet
  [per-mat] n= 9,600,000  min=0.001011  max=0.5407  mean=0.1287  median=0.1225  std=0.06499  geomean(>0)=0.1093
    quantiles: p    1=0.01245  p    5=0.03242  p   10=0.04854  p   25=0.08096  p   50=0.1225  p   75=0.1695  p   90=0.216  p   95=0.2455  p   99=0.3033  p 99.9=0.3745
    above-thr: >0.001=100.00%  >0.01=99.33%  >0.05=89.47%  >0.1=63.80%  >0.2=14.08%  >0.5= 0.00%  >1= 0.00%
[6/38] carpet06  category=carpet
  [per-mat] n= 9,600,000  min=0.002007  max=0.5949  mean=0.1008  median=0.09616  std=0.05168  geomean(>0)=0.08568
    quantiles: p    1=0.01165  p    5=0.02495  p   10=0.03678  p   25=0.06274  p   50=0.09616  p   75=0.1323  p   90=0.1693  p   95=0.1939  p   99=0.2428  p 99.9=0.3087
    above-thr: >0.001=100.00%  >0.01=99.34%  >0.05=83.02%  >0.1=47.02%  >0.2= 4.16%  >0.5= 0.00%  >1= 0.00%
[7/38] carpet07  category=carpet
  [per-mat] n= 9,600,000  min=0.001207  max=0.8376  mean=0.07081  median=0.04937  std=0.06538  geomean(>0)=0.04784
    quantiles: p    1=0.005114  p    5=0.009819  p   10=0.01402  p   25=0.02535  p   50=0.04937  p   75=0.09472  p   90=0.1573  p   95=0.2048  p   99=0.3075  p 99.9=0.4415
    above-thr: >0.001=100.00%  >0.01=94.81%  >0.05=49.49%  >0.1=23.14%  >0.2= 5.37%  >0.5= 0.04%  >1= 0.00%
[8/38] carpet08  category=carpet
  [per-mat] n= 9,600,000  min=0.0007838  max=0.5676  mean=0.1009  median=0.09053  std=0.06117  geomean(>0)=0.08069
    quantiles: p    1=0.007857  p    5=0.01979  p   10=0.03005  p   25=0.05466  p   50=0.09053  p   75=0.1358  p   90=0.19  p   95=0.2187  p   99=0.2702  p 99.9=0.3335
    above-thr: >0.001=100.00%  >0.01=98.46%  >0.05=78.03%  >0.1=43.59%  >0.2= 8.00%  >0.5= 0.00%  >1= 0.00%
[9/38] carpet09  category=carpet
  [per-mat] n= 9,600,000  min=0.001267  max=0.5183  mean=0.07954  median=0.07896  std=0.03939  geomean(>0)=0.06744
    quantiles: p    1=0.007925  p    5=0.01832  p   10=0.02761  p   25=0.05016  p   50=0.07896  p   75=0.1054  p   90=0.1287  p   95=0.1443  p   99=0.1827  p 99.9=0.2461
    above-thr: >0.001=100.00%  >0.01=98.38%  >0.05=75.11%  >0.1=29.78%  >0.2= 0.53%  >0.5= 0.00%  >1= 0.00%
[10/38] carpet09_resampled  category=carpet
  [per-mat] n= 9,600,000  min=0.0004815  max=0.4963  mean=0.08411  median=0.07789  std=0.04751  geomean(>0)=0.06979
    quantiles: p    1=0.009475  p    5=0.01914  p   10=0.02811  p   25=0.04893  p   50=0.07789  p   75=0.1111  p   90=0.1466  p   95=0.1721  p   99=0.2271  p 99.9=0.2921
    above-thr: >0.001=100.00%  >0.01=98.84%  >0.05=74.13%  >0.1=32.25%  >0.2= 2.26%  >0.5= 0.00%  >1= 0.00%
[11/38] carpet10  category=carpet
  [per-mat] n= 9,600,000  min=0.003236  max=0.4432  mean=0.1041  median=0.101  std=0.05164  geomean(>0)=0.08894
    quantiles: p    1=0.01444  p    5=0.02648  p   10=0.03696  p   25=0.06329  p   50=0.101  p   75=0.1411  p   90=0.1742  p   95=0.1921  p   99=0.2269  p 99.9=0.2747
    above-thr: >0.001=100.00%  >0.01=99.72%  >0.05=82.83%  >0.1=50.71%  >0.2= 3.55%  >0.5= 0.00%  >1= 0.00%
[12/38] carpet11  category=carpet
  [per-mat] n= 9,600,000  min=0.002704  max=0.5029  mean=0.115  median=0.1094  std=0.05806  geomean(>0)=0.09846
    quantiles: p    1=0.01614  p    5=0.03025  p   10=0.04235  p   25=0.07071  p   50=0.1094  p   75=0.1531  p   90=0.1949  p   95=0.2195  p   99=0.2643  p 99.9=0.3185
    above-thr: >0.001=100.00%  >0.01=99.81%  >0.05=86.35%  >0.1=56.25%  >0.2= 8.76%  >0.5= 0.00%  >1= 0.00%
[13/38] carpet12  category=carpet
  [per-mat] n= 9,600,000  min=0.001571  max=0.5159  mean=0.09624  median=0.09043  std=0.05348  geomean(>0)=0.07887
    quantiles: p    1=0.009686  p    5=0.02002  p   10=0.02962  p   25=0.05356  p   50=0.09043  p   75=0.1333  p   90=0.1703  p   95=0.1908  p   99=0.2304  p 99.9=0.2861
    above-thr: >0.001=100.00%  >0.01=98.91%  >0.05=77.40%  >0.1=43.82%  >0.2= 3.51%  >0.5= 0.00%  >1= 0.00%
[14/38] fabric01  category=fabric
  [per-mat] n= 9,600,000  min=0.005393  max=0.9915  mean=0.1184  median=0.09394  std=0.08416  geomean(>0)=0.09528
    quantiles: p    1=0.01965  p    5=0.03116  p   10=0.04094  p   25=0.06178  p   50=0.09394  p   75=0.15  p   90=0.2276  p   95=0.2907  p   99=0.4187  p 99.9=0.5987
    above-thr: >0.001=100.00%  >0.01=99.98%  >0.05=84.16%  >0.1=46.26%  >0.2=13.64%  >0.5= 0.36%  >1= 0.00%
[15/38] fabric02  category=fabric
  [per-mat] n= 9,600,000  min=0.02199  max=0.5491  mean=0.1899  median=0.186  std=0.075  geomean(>0)=0.1741
    quantiles: p    1=0.05551  p    5=0.07718  p   10=0.093  p   25=0.1337  p   50=0.186  p   75=0.2382  p   90=0.291  p   95=0.3234  p   99=0.3823  p 99.9=0.4406
    above-thr: >0.001=100.00%  >0.01=100.00%  >0.05=99.43%  >0.1=87.54%  >0.2=42.69%  >0.5= 0.00%  >1= 0.00%
[16/38] fabric03  category=fabric
  [per-mat] n= 9,600,000  min=0.01238  max=0.3964  mean=0.1506  median=0.1498  std=0.05748  geomean(>0)=0.1375
    quantiles: p    1=0.03323  p    5=0.05642  p   10=0.07325  p   25=0.1072  p   50=0.1498  p   75=0.1961  p   90=0.2262  p   95=0.2414  p   99=0.2691  p 99.9=0.3024
    above-thr: >0.001=100.00%  >0.01=100.00%  >0.05=96.28%  >0.1=78.48%  >0.2=22.88%  >0.5= 0.00%  >1= 0.00%
[17/38] fabric04  category=fabric
  [per-mat] n= 9,600,000  min=0.007571  max=0.6926  mean=0.1121  median=0.09088  std=0.0722  geomean(>0)=0.09167
    quantiles: p    1=0.02061  p    5=0.03071  p   10=0.03899  p   25=0.05872  p   50=0.09088  p   75=0.1497  p   90=0.2176  p   95=0.2578  p   99=0.3349  p 99.9=0.4221
    above-thr: >0.001=100.00%  >0.01=100.00%  >0.05=82.06%  >0.1=44.59%  >0.2=13.04%  >0.5= 0.01%  >1= 0.00%
[18/38] fabric05  category=fabric
  [per-mat] n= 9,600,000  min=0.008213  max=1  mean=0.1382  median=0.112  std=0.09603  geomean(>0)=0.1106
    quantiles: p    1=0.01863  p    5=0.0335  p   10=0.04677  p   25=0.07097  p   50=0.112  p   75=0.1789  p   90=0.2651  p   95=0.3308  p   99=0.471  p 99.9=0.6536
    above-thr: >0.001=100.00%  >0.01=100.00%  >0.05=88.42%  >0.1=56.24%  >0.2=19.91%  >0.5= 0.70%  >1= 0.00%
[19/38] fabric06  category=fabric
  [per-mat] n= 9,600,000  min=0.001104  max=0.2881  mean=0.06056  median=0.05613  std=0.03465  geomean(>0)=0.04879
    quantiles: p    1=0.003833  p    5=0.0106  p   10=0.01876  p   25=0.03484  p   50=0.05613  p   75=0.08189  p   90=0.1076  p   95=0.1234  p   99=0.1571  p 99.9=0.202
    above-thr: >0.001=100.00%  >0.01=95.35%  >0.05=57.32%  >0.1=13.53%  >0.2= 0.11%  >0.5= 0.00%  >1= 0.00%
[20/38] fabric07  category=fabric
  [per-mat] n= 9,600,000  min=0.0005115  max=1  mean=0.1022  median=0.03689  std=0.132  geomean(>0)=0.03416
    quantiles: p    1=0.0009256  p    5=0.001258  p   10=0.001823  p   25=0.01158  p   50=0.03689  p   75=0.1779  p   90=0.2815  p   95=0.3402  p   99=0.5873  p 99.9=0.7556
    above-thr: >0.001=97.40%  >0.01=77.03%  >0.05=42.71%  >0.1=31.49%  >0.2=23.11%  >0.5= 2.17%  >1= 0.00%
[21/38] fabric08  category=fabric
  [per-mat] n= 9,600,000  min=0.00625  max=0.2084  mean=0.07813  median=0.0779  std=0.02843  geomean(>0)=0.07213
    quantiles: p    1=0.01859  p    5=0.03137  p   10=0.04161  p   25=0.05701  p   50=0.0779  p   75=0.09816  p   90=0.1155  p   95=0.1249  p   99=0.1433  p 99.9=0.1667
    above-thr: >0.001=100.00%  >0.01=99.94%  >0.05=83.16%  >0.1=23.01%  >0.2= 0.00%  >0.5= 0.00%  >1= 0.00%
[22/38] fabric09  category=fabric
  [per-mat] n= 9,600,000  min=0.001939  max=0.7481  mean=0.0345  median=0.02585  std=0.03322  geomean(>0)=0.02566
    quantiles: p    1=0.004571  p    5=0.007335  p   10=0.009818  p   25=0.01542  p   50=0.02585  p   75=0.04162  p   90=0.06614  p   95=0.08872  p   99=0.1699  p 99.9=0.3382
    above-thr: >0.001=100.00%  >0.01=89.57%  >0.05=17.89%  >0.1= 3.78%  >0.2= 0.63%  >0.5= 0.01%  >1= 0.00%
[23/38] fabric10  category=fabric
  [per-mat] n= 9,600,000  min=0.002483  max=0.8353  mean=0.1035  median=0.085  std=0.07755  geomean(>0)=0.07685
    quantiles: p    1=0.01004  p    5=0.01401  p   10=0.02131  p   25=0.04994  p   50=0.085  p   75=0.1358  p   90=0.2091  p   95=0.2618  p   99=0.365  p 99.9=0.4803
    above-thr: >0.001=100.00%  >0.01=99.02%  >0.05=74.96%  >0.1=40.49%  >0.2=11.21%  >0.5= 0.06%  >1= 0.00%
[24/38] fabric11  category=fabric
  [per-mat] n= 9,600,000  min=0.006422  max=1  mean=0.07081  median=0.05636  std=0.05042  geomean(>0)=0.05833
    quantiles: p    1=0.01551  p    5=0.02248  p   10=0.02746  p   25=0.03846  p   50=0.05636  p   75=0.08591  p   90=0.1321  p   95=0.1701  p   99=0.265  p 99.9=0.3959
    above-thr: >0.001=100.00%  >0.01=99.96%  >0.05=58.23%  >0.1=18.61%  >0.2= 2.97%  >0.5= 0.01%  >1= 0.00%
[25/38] fabric12  category=fabric
  [per-mat] n= 9,600,000  min=0  max=0.7979  mean=0.07465  median=0.02734  std=0.09158  geomean(>0)=0.02701
    quantiles: p    1=0.0008435  p    5=0.001713  p   10=0.00268  p   25=0.007941  p   50=0.02734  p   75=0.134  p   90=0.2326  p   95=0.2549  p   99=0.3008  p 99.9=0.4671
    above-thr: >0.001=98.14%  >0.01=71.62%  >0.05=35.85%  >0.1=27.86%  >0.2=16.61%  >0.5= 0.06%  >1= 0.00%
[26/38] felt01  category=felt
  [per-mat] n= 9,600,000  min=0.01221  max=0.3707  mean=0.1201  median=0.1152  std=0.0407  geomean(>0)=0.113
    quantiles: p    1=0.03929  p    5=0.06048  p   10=0.07227  p   25=0.09165  p   50=0.1152  p   75=0.1446  p   90=0.1751  p   95=0.1973  p   99=0.2293  p 99.9=0.2569
    above-thr: >0.001=100.00%  >0.01=100.00%  >0.05=97.49%  >0.1=66.24%  >0.2= 4.51%  >0.5= 0.00%  >1= 0.00%
[27/38] felt02  category=felt
  [per-mat] n= 9,600,000  min=0.00744  max=0.5306  mean=0.1256  median=0.1136  std=0.05701  geomean(>0)=0.1137
    quantiles: p    1=0.03962  p    5=0.05401  p   10=0.06354  p   25=0.08319  p   50=0.1136  p   75=0.1572  p   90=0.2063  p   95=0.2375  p   99=0.2942  p 99.9=0.3573
    above-thr: >0.001=100.00%  >0.01=100.00%  >0.05=96.53%  >0.1=60.70%  >0.2=11.37%  >0.5= 0.00%  >1= 0.00%
[28/38] felt03  category=felt
  [per-mat] n= 9,600,000  min=0.01803  max=0.401  mean=0.1083  median=0.1009  std=0.04968  geomean(>0)=0.0986
    quantiles: p    1=0.03848  p    5=0.04836  p   10=0.05531  p   25=0.07368  p   50=0.1009  p   75=0.1272  p   90=0.1677  p   95=0.2141  p   99=0.2825  p 99.9=0.3228
    above-thr: >0.001=100.00%  >0.01=100.00%  >0.05=93.95%  >0.1=50.97%  >0.2= 6.10%  >0.5= 0.00%  >1= 0.00%
[29/38] felt04  category=felt
  [per-mat] n= 9,600,000  min=0.01637  max=0.2796  mean=0.1061  median=0.1015  std=0.03662  geomean(>0)=0.09985
    quantiles: p    1=0.04311  p    5=0.05476  p   10=0.06203  p   25=0.07786  p   50=0.1015  p   75=0.13  p   90=0.1579  p   95=0.1742  p   99=0.1996  p 99.9=0.225
    above-thr: >0.001=100.00%  >0.01=100.00%  >0.05=97.20%  >0.1=51.50%  >0.2= 0.97%  >0.5= 0.00%  >1= 0.00%
[30/38] felt05  category=felt
  [per-mat] n= 9,600,000  min=0.008147  max=1  mean=0.1143  median=0.09556  std=0.07519  geomean(>0)=0.09405
    quantiles: p    1=0.02193  p    5=0.03291  p   10=0.04122  p   25=0.06008  p   50=0.09556  p   75=0.1465  p   90=0.2127  p   95=0.2667  p   99=0.3696  p 99.9=0.5148
    above-thr: >0.001=100.00%  >0.01=100.00%  >0.05=83.33%  >0.1=47.33%  >0.2=11.88%  >0.5= 0.13%  >1= 0.00%
[31/38] felt06  category=felt
  [per-mat] n= 9,600,000  min=0.006242  max=0.5642  mean=0.08774  median=0.08008  std=0.04758  geomean(>0)=0.07449
    quantiles: p    1=0.0165  p    5=0.02466  p   10=0.03169  p   25=0.04968  p   50=0.08008  p   75=0.1195  p   90=0.1539  p   95=0.1736  p   99=0.2159  p 99.9=0.2812
    above-thr: >0.001=100.00%  >0.01=99.98%  >0.05=74.72%  >0.1=36.16%  >0.2= 1.81%  >0.5= 0.00%  >1= 0.00%
[32/38] felt07  category=felt
  [per-mat] n= 9,600,000  min=0.004568  max=0.2881  mean=0.07419  median=0.0627  std=0.04543  geomean(>0)=0.06079
    quantiles: p    1=0.01279  p    5=0.01918  p   10=0.02448  p   25=0.03875  p   50=0.0627  p   75=0.09911  p   90=0.1466  p   95=0.1673  p   99=0.1906  p 99.9=0.2233
    above-thr: >0.001=100.00%  >0.01=99.74%  >0.05=62.94%  >0.1=24.57%  >0.2= 0.51%  >0.5= 0.00%  >1= 0.00%
[33/38] felt08  category=felt
  [per-mat] n= 9,600,000  min=0.009977  max=0.4836  mean=0.05748  median=0.05242  std=0.02582  geomean(>0)=0.05229
    quantiles: p    1=0.01892  p    5=0.02515  p   10=0.02964  p   25=0.03891  p   50=0.05242  p   75=0.07047  p   90=0.09224  p   95=0.1078  p   99=0.1393  p 99.9=0.1764
    above-thr: >0.001=100.00%  >0.01=100.00%  >0.05=54.29%  >0.1= 7.12%  >0.2= 0.02%  >0.5= 0.00%  >1= 0.00%
[34/38] felt09  category=felt
  [per-mat] n= 9,600,000  min=0.01963  max=0.9756  mean=0.1203  median=0.09772  std=0.07303  geomean(>0)=0.1033
    quantiles: p    1=0.03515  p    5=0.04609  p   10=0.05386  p   25=0.07  p   50=0.09772  p   75=0.147  p   90=0.2251  p   95=0.2754  p   99=0.3679  p 99.9=0.4902
    above-thr: >0.001=100.00%  >0.01=100.00%  >0.05=92.71%  >0.1=48.31%  >0.2=13.26%  >0.5= 0.08%  >1= 0.00%
[35/38] felt09_resampled  category=felt
  [per-mat] n= 9,600,000  min=0.01821  max=1.535  mean=0.09986  median=0.08347  std=0.06724  geomean(>0)=0.08383
    quantiles: p    1=0.02747  p    5=0.03353  p   10=0.03923  p   25=0.05561  p   50=0.08347  p   75=0.1195  p   90=0.1709  p   95=0.2515  p   99=0.3599  p 99.9=0.4401
    above-thr: >0.001=100.00%  >0.01=100.00%  >0.05=80.13%  >0.1=36.83%  >0.2= 7.27%  >0.5= 0.02%  >1= 0.00%
[36/38] felt10  category=felt
  [per-mat] n= 9,600,000  min=0.0008005  max=0.3486  mean=0.04529  median=0.01232  std=0.05831  geomean(>0)=0.01959
    quantiles: p    1=0.00212  p    5=0.003418  p   10=0.004552  p   25=0.007484  p   50=0.01232  p   75=0.07498  p   90=0.1422  p   95=0.1715  p   99=0.2271  p 99.9=0.2683
    above-thr: >0.001=100.00%  >0.01=60.58%  >0.05=30.86%  >0.1=18.53%  >0.2= 2.45%  >0.5= 0.00%  >1= 0.00%
[37/38] felt11  category=felt
  [per-mat] n= 9,600,000  min=0.003132  max=0.3311  mean=0.07656  median=0.07091  std=0.04806  geomean(>0)=0.06067
    quantiles: p    1=0.008337  p    5=0.01744  p   10=0.0244  p   25=0.0338  p   50=0.07091  p   75=0.1064  p   90=0.1477  p   95=0.1669  p   99=0.2011  p 99.9=0.2391
    above-thr: >0.001=100.00%  >0.01=98.11%  >0.05=61.48%  >0.1=28.69%  >0.2= 1.06%  >0.5= 0.00%  >1= 0.00%
[38/38] felt12  category=felt
  [per-mat] n= 9,600,000  min=0.004258  max=0.6618  mean=0.05944  median=0.04904  std=0.03948  geomean(>0)=0.04823
    quantiles: p    1=0.0101  p    5=0.01585  p   10=0.02023  p   25=0.03022  p   50=0.04904  p   75=0.07888  p   90=0.1132  p   95=0.1365  p   99=0.1881  p 99.9=0.265
    above-thr: >0.001=100.00%  >0.01=99.04%  >0.05=48.95%  >0.1=14.50%  >0.2= 0.69%  >0.5= 0.00%  >1= 0.00%

============================================================================
AGGREGATE STATISTICS
============================================================================
Materials processed: 38

[carpet] 13 materials, 2,600,000 samples
  [carpet] n= 2,600,000  min=0.0008593  max=0.7664  mean=0.09274  median=0.0831  std=0.06072  geomean(>0)=0.0711
    quantiles: p    1=0.006702  p    5=0.01541  p   10=0.02307  p   25=0.04345  p   50=0.0831  p   75=0.1301  p   90=0.1765  p   95=0.2053  p   99=0.2649  p 99.9=0.3477
    above-thr: >0.001=100.00%  >0.01=97.76%  >0.05=70.60%  >0.1=40.09%  >0.2= 5.71%  >0.5= 0.00%  >1= 0.00%

[fabric] 12 materials, 2,400,000 samples
  [fabric] n= 2,400,000  min=0  max=1  mean=0.1027  median=0.07942  std=0.08577  geomean(>0)=0.06727
    quantiles: p    1=0.001525  p    5=0.008764  p   10=0.01749  p   25=0.03973  p   50=0.07942  p   75=0.1441  p   90=0.2236  p   95=0.2648  p   99=0.3716  p 99.9=0.6003
    above-thr: >0.001=99.63%  >0.01=94.38%  >0.05=68.34%  >0.1=39.30%  >0.2=13.91%  >0.5= 0.28%  >1= 0.00%

[felt] 13 materials, 2,600,000 samples
  [felt] n= 2,600,000  min=0.0008845  max=0.9288  mean=0.09193  median=0.08302  std=0.05897  geomean(>0)=0.07199
    quantiles: p    1=0.005145  p    5=0.01429  p   10=0.02721  p   25=0.04996  p   50=0.08302  p   75=0.1219  p   90=0.1648  p   95=0.1973  p   99=0.2904  p 99.9=0.4091
    above-thr: >0.001=100.00%  >0.01=96.71%  >0.05=74.97%  >0.1=37.80%  >0.2= 4.75%  >0.5= 0.02%  >1= 0.00%

[ALL CATEGORIES] 7,600,000 samples
  [global-pool] n= 7,600,000  min=0  max=1  mean=0.09562  median=0.08204  std=0.06926  geomean(>0)=0.07017
    quantiles: p    1=0.003582  p    5=0.01269  p   10=0.02238  p   25=0.04465  p   50=0.08204  p   75=0.1298  p   90=0.1864  p   95=0.2266  p   99=0.3166  p 99.9=0.497
    above-thr: >0.001=99.88%  >0.01=96.33%  >0.05=71.38%  >0.1=39.06%  >0.2= 7.97%  >0.5= 0.10%  >1= 0.00%

Distribution of per-material medians:
  [per-mat-medians] n=        38  min=0.01232  max=0.186  mean=0.08166  median=0.08423  std=0.03521  geomean(>0)=0.07266
    quantiles: p    1=0.01733  p    5=0.02712  p   10=0.03613  p   25=0.05379  p   50=0.08423  p   75=0.101  p   90=0.1174  p   95=0.127  p   99=0.1726  p 99.9=0.1847
    above-thr: >0.001=100.00%  >0.01=100.00%  >0.05=78.95%  >0.1=28.95%  >0.2= 0.00%  >0.5= 0.00%  >1= 0.00%

Distribution of per-material means:
  [per-mat-means] n=        38  min=0.0345  max=0.1899  mean=0.09566  median=0.1003  std=0.03096  geomean(>0)=0.09052
    quantiles: p    1=0.03849  p    5=0.05565  p   10=0.06022  p   25=0.07166  p   50=0.1003  p   75=0.1149  p   90=0.1291  p   95=0.14  p   99=0.1754  p 99.9=0.1885
    above-thr: >0.001=100.00%  >0.01=100.00%  >0.05=94.74%  >0.1=50.00%  >0.2= 0.00%  >0.5= 0.00%  >1= 0.00%

Distribution of per-material geomeans (positive only):
  [per-mat-geomeans] n=        38  min=0.01959  max=0.1741  mean=0.07763  median=0.07786  std=0.0324  geomean(>0)=0.0702
    quantiles: p    1=0.02184  p    5=0.0268  p   10=0.03704  p   25=0.05262  p   50=0.07786  p   75=0.09856  p   90=0.1123  p   95=0.1173  p   99=0.1606  p 99.9=0.1728
    above-thr: >0.001=100.00%  >0.01=100.00%  >0.05=76.32%  >0.1=21.05%  >0.2= 0.00%  >0.5= 0.00%  >1= 0.00%

Suggested logrel_ref candidates:
  median(global pool)     = 0.08204
  geomean(global pool)    = 0.07017
  mean(per-mat medians)   = 0.08166

----------------------------------------------------------------------------
REF POSITION  (eval ref = 0.05)
----------------------------------------------------------------------------
  ref                          = 0.05
  percentile inside global pool= 28.62%   (fraction of values <= ref)
  ref / global-median          = 0.609   (median = 0.08204)
  ref / global-geomean         = 0.713   (geomean(>0) = 0.07017)
